// Jest Snapshot v1, https://goo.gl/fbAQLP

exports[`LoadingBar expect to render 1`] = `
@keyframes animation-0 {
  0% {
    left: 0;
    width: 0;
  }

  25% {
    left: 0;
    width: 33%;
  }

  50% {
    left: 15%;
    width: 50%;
  }

  75% {
    left: 30%;
    width: 70%;
  }

  100% {
    left: 100%;
    width: 0;
  }
}

.emotion-0 {
  display: -webkit-box;
  display: -webkit-flex;
  display: -ms-flexbox;
  display: flex;
  -webkit-flex-direction: column;
  -ms-flex-direction: column;
  flex-direction: column;
  -webkit-box-pack: center;
  -ms-flex-pack: center;
  -webkit-justify-content: center;
  justify-content: center;
  -webkit-align-items: center;
  -webkit-box-align: center;
  -ms-flex-align: center;
  align-items: center;
  min-height: 100vh;
  position: fixed;
  width: 100vw;
  z-index: 10;
  background: white;
  gap: 16px;
}

.emotion-1 {
  background: #d3d8de;
  margin: 10px auto;
  border-radius: 16px;
  max-width: 80vw;
}

@media screen and (min-width: 1025px) {
  .emotion-1 {
    width: 680px;
  }
}

@media screen and (min-width: 769px) and (max-width: 1024px) {
  .emotion-1 {
    width: 728px;
  }
}

@media screen and (min-width: 429px) and (max-width: 768px) {
  .emotion-1 {
    width: 550px;
  }
}

@media screen and (max-width: 428px) {
  .emotion-1 {
    width: 288px;
  }
}

.emotion-2 {
  height: 4px;
  border-radius: 16px;
  position: relative;
  background: linear-gradient(90deg, #d71598 0%, #a513ce 49.43%, #284eed 100%);
  width: 0%;
  left: 0%;
  -webkit-animation: animation-0 3s linear infinite;
  animation: animation-0 3s linear infinite;
}

<div>
  <div
    class="emotion-0"
  >
    <div
      class="emotion-1"
    >
      <div
        class="emotion-2"
      />
    </div>
  </div>
</div>
`;
