// Jest Snapshot v1, https://goo.gl/fbAQLP

exports[`Entitlements Component 7386002: [Given] no props are provided [Expect] the component to render 1`] = `
<div
  id="root"
>
  <div
    data-focus-guard="true"
    style="width: 1px; height: 0px; padding: 0px; overflow: hidden; position: fixed; top: 1px; left: 1px;"
    tabindex="-1"
  />
  <div
    data-focus-lock-disabled="disabled"
  />
  <div
    data-focus-guard="true"
    style="width: 1px; height: 0px; padding: 0px; overflow: hidden; position: fixed; top: 1px; left: 1px;"
    tabindex="-1"
  />
  <div
    class="organization-entitlements"
  >
    <section
      class="nui-toolbar organization-entitlements_toolbar nui-toolbar--rain nui-toolbar--v1"
    >
      <div
        class="nui-toolbar_inner"
      >
        <div
          class="nui-toolbar_row nui-toolbar_row--justify-space-between"
          data-type="toolbar-row"
        >
          <ul
            class="nui-tabs organization-entitlements_tabs nui-tabs--rain nui-tabs--default nui-tabs--direction-row nui-tabs--v1"
          />
          <button
            class="nui-button nui-button--steel nui-button--v1"
            type="button"
          >
            <i
              class="nui-button_icon q4i-add-4pt"
            />
            <span
              class="nui-button_label"
            >
              Add Entitlement
            </span>
          </button>
        </div>
      </div>
    </section>
    <div
      class="nui-swapable"
    />
  </div>
</div>
`;
